==============================================================================
CHANNEL awgn  (p=0.0)
  [none      AWGN  ] @  7.5 dB: BER=8.135e-03 FER=1.000e+00 (100f 1.6s)
  [none      AWGN  ] @  8.0 dB: BER=4.468e-03 FER=1.000e+00 (100f 1.6s)
  [none      AWGN  ] @  8.5 dB: BER=1.244e-03 FER=5.405e-01 (111f 2.0s)
  [none      AWGN  ] @  9.0 dB: BER=6.898e-05 FER=4.021e-02 (1492f 24.0s)
  [none      AWGN  ] @  9.5 dB: BER=0.000e+00 FER=0.000e+00 (3000f 43.2s)
  [existing  AWGN  ] @  7.5 dB: BER=8.248e-03 FER=1.000e+00 (100f 1.6s)
  [existing  AWGN  ] @  8.0 dB: BER=4.493e-03 FER=9.700e-01 (100f 1.6s)
  [existing  AWGN  ] @  8.5 dB: BER=1.281e-03 FER=5.357e-01 (112f 1.8s)
  [existing  AWGN  ] @  9.0 dB: BER=7.528e-05 FER=4.521e-02 (1327f 20.9s)
  [existing  AWGN  ] @  9.5 dB: BER=6.485e-07 FER=3.333e-04 (3000f 42.9s)
  [existing  AWGN  ] @ 10.0 dB: BER=0.000e+00 FER=0.000e+00 (3000f 38.3s)
  [w1sym     AWGN  ] @  7.5 dB: BER=8.228e-03 FER=1.000e+00 (100f 1.6s)
  [w1sym     AWGN  ] @  8.0 dB: BER=4.531e-03 FER=9.500e-01 (100f 1.6s)
  [w1sym     AWGN  ] @  8.5 dB: BER=1.387e-03 FER=5.405e-01 (111f 1.8s)
  [w1sym     AWGN  ] @  9.0 dB: BER=2.442e-05 FER=1.433e-02 (3000f 47.9s)
  [w1sym     AWGN  ] @  9.5 dB: BER=0.000e+00 FER=0.000e+00 (3000f 44.9s)
  [w2bits    AWGN  ] @  7.5 dB: BER=8.569e-03 FER=1.000e+00 (100f 1.6s)
  [w2bits    AWGN  ] @  8.0 dB: BER=4.806e-03 FER=9.900e-01 (100f 1.6s)
  [w2bits    AWGN  ] @  8.5 dB: BER=1.023e-03 FER=4.317e-01 (139f 2.3s)
  [w2bits    AWGN  ] @  9.0 dB: BER=2.156e-05 FER=1.233e-02 (3000f 47.8s)
  [w2bits    AWGN  ] @  9.5 dB: BER=0.000e+00 FER=0.000e+00 (3000f 45.3s)
  [w1bit     AWGN  ] @  7.5 dB: BER=8.779e-03 FER=1.000e+00 (100f 1.6s)
  [w1bit     AWGN  ] @  8.0 dB: BER=4.891e-03 FER=1.000e+00 (100f 1.6s)
  [w1bit     AWGN  ] @  8.5 dB: BER=1.422e-03 FER=5.769e-01 (104f 1.8s)
  [w1bit     AWGN  ] @  9.0 dB: BER=3.560e-05 FER=1.933e-02 (3000f 48.2s)
  [w1bit     AWGN  ] @  9.5 dB: BER=0.000e+00 FER=0.000e+00 (3000f 45.6s)
==============================================================================
CHANNEL p0.3  (p=0.3)
  [none      p=0.3 ] @  8.0 dB: BER=8.658e-03 FER=1.000e+00 (100f 1.0s)
  [none      p=0.3 ] @  8.5 dB: BER=4.373e-03 FER=9.100e-01 (100f 1.0s)
  [none      p=0.3 ] @  9.0 dB: BER=1.207e-03 FER=4.255e-01 (141f 1.4s)
  [none      p=0.3 ] @  9.5 dB: BER=1.364e-04 FER=5.848e-02 (1026f 10.0s)
  [none      p=0.3 ] @ 10.0 dB: BER=5.966e-06 FER=2.667e-03 (3000f 27.1s)
  [none      p=0.3 ] @ 10.5 dB: BER=7.458e-07 FER=3.333e-04 (3000f 23.8s)
  [none      p=0.3 ] @ 11.0 dB: BER=0.000e+00 FER=0.000e+00 (3000f 20.6s)
  [existing  p=0.3 ] @  8.0 dB: BER=8.804e-03 FER=1.000e+00 (100f 1.0s)
  [existing  p=0.3 ] @  8.5 dB: BER=5.011e-03 FER=9.600e-01 (100f 1.0s)
  [existing  p=0.3 ] @  9.0 dB: BER=1.220e-03 FER=4.478e-01 (134f 1.3s)
  [existing  p=0.3 ] @  9.5 dB: BER=1.146e-04 FER=5.128e-02 (1170f 11.4s)
  [existing  p=0.3 ] @ 10.0 dB: BER=4.021e-06 FER=2.000e-03 (3000f 26.8s)
  [existing  p=0.3 ] @ 10.5 dB: BER=6.485e-07 FER=3.333e-04 (3000f 23.2s)
  [existing  p=0.3 ] @ 11.0 dB: BER=0.000e+00 FER=0.000e+00 (3000f 20.0s)
  [w1sym     p=0.3 ] @  8.0 dB: BER=8.625e-03 FER=1.000e+00 (100f 1.0s)
  [w1sym     p=0.3 ] @  8.5 dB: BER=5.048e-03 FER=9.400e-01 (100f 1.0s)
  [w1sym     p=0.3 ] @  9.0 dB: BER=1.117e-03 FER=3.243e-01 (185f 1.9s)
  [w1sym     p=0.3 ] @  9.5 dB: BER=3.804e-05 FER=1.567e-02 (3000f 29.4s)
  [w1sym     p=0.3 ] @ 10.0 dB: BER=0.000e+00 FER=0.000e+00 (3000f 28.1s)
  [w2bits    p=0.3 ] @  8.0 dB: BER=8.580e-03 FER=1.000e+00 (100f 1.0s)
  [w2bits    p=0.3 ] @  8.5 dB: BER=4.175e-03 FER=9.500e-01 (100f 1.0s)
  [w2bits    p=0.3 ] @  9.0 dB: BER=8.175e-04 FER=3.191e-01 (188f 1.9s)
  [w2bits    p=0.3 ] @  9.5 dB: BER=2.127e-05 FER=1.100e-02 (3000f 28.3s)
  [w2bits    p=0.3 ] @ 10.0 dB: BER=5.512e-07 FER=3.333e-04 (3000f 24.2s)
  [w2bits    p=0.3 ] @ 10.5 dB: BER=0.000e+00 FER=0.000e+00 (3000f 19.5s)
  [w1bit     p=0.3 ] @  8.0 dB: BER=8.258e-03 FER=1.000e+00 (100f 1.0s)
  [w1bit     p=0.3 ] @  8.5 dB: BER=4.406e-03 FER=9.400e-01 (100f 1.0s)
  [w1bit     p=0.3 ] @  9.0 dB: BER=9.445e-04 FER=3.636e-01 (165f 1.7s)
  [w1bit     p=0.3 ] @  9.5 dB: BER=3.003e-05 FER=1.500e-02 (3000f 29.0s)
  [w1bit     p=0.3 ] @ 10.0 dB: BER=0.000e+00 FER=0.000e+00 (3000f 25.1s)
==============================================================================
CHANNEL p0.75  (p=0.75)
  [none      p=0.75] @  9.0 dB: BER=1.116e-02 FER=9.700e-01 (100f 1.0s)
  [none      p=0.75] @  9.5 dB: BER=5.319e-03 FER=8.400e-01 (100f 1.0s)
  [none      p=0.75] @ 10.0 dB: BER=1.167e-03 FER=2.500e-01 (240f 2.4s)
  [none      p=0.75] @ 10.5 dB: BER=9.511e-05 FER=2.389e-02 (2511f 24.1s)
  [none      p=0.75] @ 11.0 dB: BER=9.079e-07 FER=3.333e-04 (3000f 25.3s)
  [none      p=0.75] @ 11.5 dB: BER=0.000e+00 FER=0.000e+00 (3000f 21.6s)
  [existing  p=0.75] @  9.0 dB: BER=1.161e-02 FER=9.900e-01 (100f 1.0s)
  [existing  p=0.75] @  9.5 dB: BER=6.289e-03 FER=9.400e-01 (100f 1.0s)
  [existing  p=0.75] @ 10.0 dB: BER=1.971e-03 FER=4.651e-01 (129f 1.3s)
  [existing  p=0.75] @ 10.5 dB: BER=4.642e-04 FER=1.255e-01 (478f 4.5s)
  [existing  p=0.75] @ 11.0 dB: BER=7.103e-05 FER=2.173e-02 (2761f 22.8s)
  [existing  p=0.75] @ 11.5 dB: BER=8.236e-06 FER=2.667e-03 (3000f 21.3s)
  [existing  p=0.75] @ 12.0 dB: BER=0.000e+00 FER=0.000e+00 (3000f 18.5s)
  [w1sym     p=0.75] @  9.0 dB: BER=1.171e-02 FER=1.000e+00 (100f 1.0s)
  [w1sym     p=0.75] @  9.5 dB: BER=6.100e-03 FER=8.700e-01 (100f 1.0s)
  [w1sym     p=0.75] @ 10.0 dB: BER=1.907e-03 FER=3.659e-01 (164f 1.6s)
  [w1sym     p=0.75] @ 10.5 dB: BER=1.781e-04 FER=4.418e-02 (1358f 13.3s)
  [w1sym     p=0.75] @ 11.0 dB: BER=3.275e-06 FER=1.000e-03 (3000f 27.3s)
  [w1sym     p=0.75] @ 11.5 dB: BER=0.000e+00 FER=0.000e+00 (3000f 23.8s)
  [w2bits    p=0.75] @  9.0 dB: BER=1.114e-02 FER=1.000e+00 (100f 1.0s)
  [w2bits    p=0.75] @  9.5 dB: BER=5.291e-03 FER=8.500e-01 (100f 1.0s)
  [w2bits    p=0.75] @ 10.0 dB: BER=1.407e-03 FER=3.774e-01 (159f 1.5s)
  [w2bits    p=0.75] @ 10.5 dB: BER=1.620e-04 FER=5.367e-02 (1118f 9.5s)
  [w2bits    p=0.75] @ 11.0 dB: BER=1.278e-05 FER=4.667e-03 (3000f 19.3s)
  [w2bits    p=0.75] @ 11.5 dB: BER=1.881e-06 FER=1.000e-03 (3000f 16.9s)
  [w2bits    p=0.75] @ 12.0 dB: BER=0.000e+00 FER=0.000e+00 (3000f 15.8s)
  [w1bit     p=0.75] @  9.0 dB: BER=1.075e-02 FER=1.000e+00 (100f 1.0s)
  [w1bit     p=0.75] @  9.5 dB: BER=5.278e-03 FER=8.700e-01 (100f 1.0s)
  [w1bit     p=0.75] @ 10.0 dB: BER=1.667e-03 FER=4.110e-01 (146f 1.4s)
  [w1bit     p=0.75] @ 10.5 dB: BER=1.541e-04 FER=5.155e-02 (1164f 10.1s)
  [w1bit     p=0.75] @ 11.0 dB: BER=9.695e-06 FER=4.333e-03 (3000f 20.9s)
  [w1bit     p=0.75] @ 11.5 dB: BER=2.367e-06 FER=1.000e-03 (3000f 17.2s)
  [w1bit     p=0.75] @ 12.0 dB: BER=0.000e+00 FER=0.000e+00 (3000f 16.0s)
==============================================================================
Total sim time: 19.8 min
Saved figures/interleave_ber_v4.png/.pdf
Saved figures/interleave_gain_v4.png/.pdf

Coding gain vs existing @ BER=1e-4 (dB):
  Proposed w=1 symbol   : awgn=+0.12  p0.3=+0.16  p0.75=+0.34
  Proposed w=2 bits     : awgn=+0.15  p0.3=+0.23  p0.75=+0.31
  Proposed w=1 bit      : awgn=+0.09  p0.3=+0.19  p0.75=+0.33

Saved data/v4_results.json
